V3 3
FL C:/Users/Arshia/Desktop/AZ/Flip_Flop/Flip_Flop.vhd 2022/03/16.10:56:48 P.20131013
EN work/Flip_Flop 1648994344 \
      FL C:/Users/Arshia/Desktop/AZ/Flip_Flop/Flip_Flop.vhd \
      PB ieee/std_logic_1164 1381692176
AR work/Flip_Flop/Behavioral 1648994345 \
      FL C:/Users/Arshia/Desktop/AZ/Flip_Flop/Flip_Flop.vhd EN work/Flip_Flop 1648994344
