EN encoder_4_2 NULL "D:/iust stuff/4002/CALab/2/Encoder_4_2/Encoder_4_2.vhd" sub00/vhpl02 1646768603
EN encoder_4to2 NULL C:/Users/Arshia/Desktop/AZ/Encoder_4_2/Encoder_4_2.vhd sub00/vhpl00 1646764771
AR encoder_4to2 behavioral C:/Users/Arshia/Desktop/AZ/Encoder_4_2/Encoder_4_2.vhd sub00/vhpl01 1646764772
AR encoder_4_2 behavioral "D:/iust stuff/4002/CALab/2/Encoder_4_2/Encoder_4_2.vhd" sub00/vhpl03 1646768604
