V3 3
FL "E:/University/Term6/CA Lab/Lab6_2/Moore.vhd" 2022/04/27.08:55:33 P.20131013
EN work/Moore 1651033535 FL "E:/University/Term6/CA Lab/Lab6_2/Moore.vhd" \
      PB ieee/std_logic_1164 1381692176
AR work/Moore/NOOV 1651033536 \
      FL "E:/University/Term6/CA Lab/Lab6_2/Moore.vhd" EN work/Moore 1651033535
